     1                                  ; hello.asm
     2                                  ; source: https://cs.lmu.edu/~ray/notes/x86assembly/
     3                                              global      _start
     4                                              section     .text
     5 00000000 B801000000              _start:     mov         rax, 1          ; system call for write
     6 00000005 BF01000000                          mov         rdi, 1          ; file handle 1 is stdout
     7 0000000A 48BE-                               mov         rsi, message    ; address of string to output
     7 0000000C [0000000000000000] 
     8 00000014 BA0E000000                          mov         rdx, 14         ; number of bytes
     9 00000019 0F05                                syscall                     ; invoke operating system to do the write
    10 0000001B B83C000000                          mov         rax, 60         ; system call for exit
    11 00000020 4831FF                              xor         rdi, rdi        ; exit code 0
    12 00000023 0F05                                syscall                     ; invoke operating system to exit
    13                                  
    14                                              section     .data
    15 00000000 48656C6C6F2C20776F-     message:    db          "Hello, world!", 10   ; note the newline (10) at the end
    15 00000009 726C64210A         
